2025-09-19 11:24:41,605:WARNING:
'cuml' is a soft dependency and not included in the pycaret installation. Please run: `pip install cuml` to install.
2025-09-19 11:24:41,606:WARNING:
'cuml' is a soft dependency and not included in the pycaret installation. Please run: `pip install cuml` to install.
2025-09-19 11:24:41,606:WARNING:
'cuml' is a soft dependency and not included in the pycaret installation. Please run: `pip install cuml` to install.
2025-09-19 11:24:41,606:WARNING:
'cuml' is a soft dependency and not included in the pycaret installation. Please run: `pip install cuml` to install.
2025-09-19 11:28:57,192:INFO:PyCaret ClassificationExperiment
2025-09-19 11:28:57,193:INFO:Logging name: clf-default-name
2025-09-19 11:28:57,194:INFO:ML Usecase: MLUsecase.CLASSIFICATION
2025-09-19 11:28:57,194:INFO:version 3.3.2
2025-09-19 11:28:57,196:INFO:Initializing setup()
2025-09-19 11:28:57,196:INFO:self.USI: 1a82
2025-09-19 11:28:57,197:INFO:self._variable_keys: {'target_param', 'X', 'html_param', 'y', 'is_multiclass', 'data', 'fix_imbalance', 'exp_name_log', 'USI', '_ml_usecase', 'seed', 'n_jobs_param', 'y_train', 'X_train', 'memory', 'exp_id', 'logging_param', 'gpu_param', '_available_plots', 'gpu_n_jobs_param', 'log_plots_param', 'fold_shuffle_param', 'y_test', 'pipeline', 'idx', 'fold_groups_param', 'X_test', 'fold_generator'}
2025-09-19 11:28:57,197:INFO:Checking environment
2025-09-19 11:28:57,197:INFO:python_version: 3.11.9
2025-09-19 11:28:57,197:INFO:python_build: ('tags/v3.11.9:de54cf5', 'Apr  2 2024 10:12:12')
2025-09-19 11:28:57,197:INFO:machine: AMD64
2025-09-19 11:28:57,198:INFO:platform: Windows-10-10.0.26100-SP0
2025-09-19 11:28:57,207:INFO:Memory: svmem(total=17060995072, available=5041700864, percent=70.4, used=12019294208, free=5041700864)
2025-09-19 11:28:57,207:INFO:Physical Core: 4
2025-09-19 11:28:57,207:INFO:Logical Core: 8
2025-09-19 11:28:57,208:INFO:Checking libraries
2025-09-19 11:28:57,208:INFO:System:
2025-09-19 11:28:57,208:INFO:    python: 3.11.9 (tags/v3.11.9:de54cf5, Apr  2 2024, 10:12:12) [MSC v.1938 64 bit (AMD64)]
2025-09-19 11:28:57,208:INFO:executable: C:\Users\sajad\pycaret\scripts\python.exe
2025-09-19 11:28:57,208:INFO:   machine: Windows-10-10.0.26100-SP0
2025-09-19 11:28:57,208:INFO:PyCaret required dependencies:
2025-09-19 11:28:57,263:INFO:                 pip: 25.2
2025-09-19 11:28:57,263:INFO:          setuptools: 65.5.0
2025-09-19 11:28:57,263:INFO:             pycaret: 3.3.2
2025-09-19 11:28:57,263:INFO:             IPython: 9.5.0
2025-09-19 11:28:57,263:INFO:          ipywidgets: 8.1.7
2025-09-19 11:28:57,263:INFO:                tqdm: 4.67.1
2025-09-19 11:28:57,263:INFO:               numpy: 1.26.4
2025-09-19 11:28:57,263:INFO:              pandas: 2.1.4
2025-09-19 11:28:57,263:INFO:              jinja2: 3.1.6
2025-09-19 11:28:57,265:INFO:               scipy: 1.11.4
2025-09-19 11:28:57,265:INFO:              joblib: 1.3.2
2025-09-19 11:28:57,265:INFO:             sklearn: 1.4.2
2025-09-19 11:28:57,265:INFO:                pyod: 2.0.5
2025-09-19 11:28:57,265:INFO:            imblearn: 0.14.0
2025-09-19 11:28:57,265:INFO:   category_encoders: 2.7.0
2025-09-19 11:28:57,265:INFO:            lightgbm: 4.6.0
2025-09-19 11:28:57,265:INFO:               numba: 0.62.0
2025-09-19 11:28:57,265:INFO:            requests: 2.32.5
2025-09-19 11:28:57,265:INFO:          matplotlib: 3.7.5
2025-09-19 11:28:57,265:INFO:          scikitplot: 0.3.7
2025-09-19 11:28:57,265:INFO:         yellowbrick: 1.5
2025-09-19 11:28:57,265:INFO:              plotly: 6.3.0
2025-09-19 11:28:57,265:INFO:    plotly-resampler: Not installed
2025-09-19 11:28:57,265:INFO:             kaleido: 1.1.0
2025-09-19 11:28:57,265:INFO:           schemdraw: 0.15
2025-09-19 11:28:57,265:INFO:         statsmodels: 0.14.5
2025-09-19 11:28:57,266:INFO:              sktime: 0.26.0
2025-09-19 11:28:57,266:INFO:               tbats: 1.1.3
2025-09-19 11:28:57,266:INFO:            pmdarima: 2.0.4
2025-09-19 11:28:57,266:INFO:              psutil: 7.1.0
2025-09-19 11:28:57,266:INFO:          markupsafe: 3.0.2
2025-09-19 11:28:57,266:INFO:             pickle5: Not installed
2025-09-19 11:28:57,266:INFO:         cloudpickle: 3.1.1
2025-09-19 11:28:57,266:INFO:         deprecation: 2.1.0
2025-09-19 11:28:57,266:INFO:              xxhash: 3.5.0
2025-09-19 11:28:57,266:INFO:           wurlitzer: Not installed
2025-09-19 11:28:57,266:INFO:PyCaret optional dependencies:
2025-09-19 11:28:57,317:INFO:                shap: Not installed
2025-09-19 11:28:57,317:INFO:           interpret: Not installed
2025-09-19 11:28:57,317:INFO:                umap: Not installed
2025-09-19 11:28:57,317:INFO:     ydata_profiling: Not installed
2025-09-19 11:28:57,317:INFO:  explainerdashboard: Not installed
2025-09-19 11:28:57,317:INFO:             autoviz: Not installed
2025-09-19 11:28:57,317:INFO:           fairlearn: Not installed
2025-09-19 11:28:57,317:INFO:          deepchecks: Not installed
2025-09-19 11:28:57,317:INFO:             xgboost: 3.0.5
2025-09-19 11:28:57,317:INFO:            catboost: Not installed
2025-09-19 11:28:57,317:INFO:              kmodes: Not installed
2025-09-19 11:28:57,317:INFO:             mlxtend: Not installed
2025-09-19 11:28:57,317:INFO:       statsforecast: Not installed
2025-09-19 11:28:57,317:INFO:        tune_sklearn: Not installed
2025-09-19 11:28:57,317:INFO:                 ray: Not installed
2025-09-19 11:28:57,317:INFO:            hyperopt: Not installed
2025-09-19 11:28:57,317:INFO:              optuna: Not installed
2025-09-19 11:28:57,317:INFO:               skopt: Not installed
2025-09-19 11:28:57,317:INFO:              mlflow: Not installed
2025-09-19 11:28:57,317:INFO:              gradio: Not installed
2025-09-19 11:28:57,318:INFO:             fastapi: Not installed
2025-09-19 11:28:57,318:INFO:             uvicorn: Not installed
2025-09-19 11:28:57,318:INFO:              m2cgen: Not installed
2025-09-19 11:28:57,318:INFO:           evidently: Not installed
2025-09-19 11:28:57,318:INFO:               fugue: Not installed
2025-09-19 11:28:57,318:INFO:           streamlit: Not installed
2025-09-19 11:28:57,318:INFO:             prophet: Not installed
2025-09-19 11:28:57,318:INFO:None
2025-09-19 11:28:57,318:INFO:Set up data.
2025-09-19 11:28:57,328:INFO:Set up folding strategy.
2025-09-19 11:28:57,328:INFO:Set up train/test split.
2025-09-19 11:28:57,342:INFO:Set up index.
2025-09-19 11:28:57,343:INFO:Assigning column types.
2025-09-19 11:28:57,352:INFO:Engine successfully changes for model 'lr' to 'sklearn'.
2025-09-19 11:28:57,401:INFO:Engine for model 'knn' has not been set explicitly, hence returning None.
2025-09-19 11:28:57,408:INFO:Engine for model 'rbfsvm' has not been set explicitly, hence returning None.
2025-09-19 11:28:57,448:INFO:Soft dependency imported: xgboost: 3.0.5
2025-09-19 11:28:57,451:WARNING:
'catboost' is a soft dependency and not included in the pycaret installation. Please run: `pip install catboost` to install.
Alternately, you can install this by running `pip install pycaret[models]`
2025-09-19 11:28:57,497:INFO:Engine for model 'knn' has not been set explicitly, hence returning None.
2025-09-19 11:28:57,498:INFO:Engine for model 'rbfsvm' has not been set explicitly, hence returning None.
2025-09-19 11:28:57,525:INFO:Soft dependency imported: xgboost: 3.0.5
2025-09-19 11:28:57,528:WARNING:
'catboost' is a soft dependency and not included in the pycaret installation. Please run: `pip install catboost` to install.
Alternately, you can install this by running `pip install pycaret[models]`
2025-09-19 11:28:57,528:INFO:Engine successfully changes for model 'knn' to 'sklearn'.
2025-09-19 11:28:57,573:INFO:Engine for model 'rbfsvm' has not been set explicitly, hence returning None.
2025-09-19 11:28:57,601:INFO:Soft dependency imported: xgboost: 3.0.5
2025-09-19 11:28:57,604:WARNING:
'catboost' is a soft dependency and not included in the pycaret installation. Please run: `pip install catboost` to install.
Alternately, you can install this by running `pip install pycaret[models]`
2025-09-19 11:28:57,650:INFO:Engine for model 'rbfsvm' has not been set explicitly, hence returning None.
2025-09-19 11:28:57,677:INFO:Soft dependency imported: xgboost: 3.0.5
2025-09-19 11:28:57,680:WARNING:
'catboost' is a soft dependency and not included in the pycaret installation. Please run: `pip install catboost` to install.
Alternately, you can install this by running `pip install pycaret[models]`
2025-09-19 11:28:57,681:INFO:Engine successfully changes for model 'rbfsvm' to 'sklearn'.
2025-09-19 11:28:57,756:INFO:Soft dependency imported: xgboost: 3.0.5
2025-09-19 11:28:57,758:WARNING:
'catboost' is a soft dependency and not included in the pycaret installation. Please run: `pip install catboost` to install.
Alternately, you can install this by running `pip install pycaret[models]`
2025-09-19 11:28:57,850:INFO:Soft dependency imported: xgboost: 3.0.5
2025-09-19 11:28:57,853:WARNING:
'catboost' is a soft dependency and not included in the pycaret installation. Please run: `pip install catboost` to install.
Alternately, you can install this by running `pip install pycaret[models]`
2025-09-19 11:28:57,855:INFO:Preparing preprocessing pipeline...
2025-09-19 11:28:57,857:INFO:Set up simple imputation.
2025-09-19 11:28:57,921:INFO:Finished creating preprocessing pipeline.
2025-09-19 11:28:57,926:INFO:Pipeline: Pipeline(memory=FastMemory(location=C:\Users\sajad\AppData\Local\Temp\joblib),
         steps=[('numerical_imputer',
                 TransformerWrapper(exclude=None,
                                    include=['RowNumber', 'CustomerId',
                                             'CreditScore', 'Gender', 'Age',
                                             'Tenure', 'Balance',
                                             'NumOfProducts', 'HasCrCard',
                                             'IsActiveMember',
                                             'EstimatedSalary',
                                             'Geography_France',
                                             'Geography_Germany',
                                             'Geography_Spain'],
                                    transformer=SimpleImputer(add_indicator=False,
                                                              copy=True,
                                                              fill_value=None,
                                                              keep_empty_features=False,
                                                              missing_values=nan,
                                                              strategy='mean'))),
                ('categorical_imputer',
                 TransformerWrapper(exclude=None, include=[],
                                    transformer=SimpleImputer(add_indicator=False,
                                                              copy=True,
                                                              fill_value=None,
                                                              keep_empty_features=False,
                                                              missing_values=nan,
                                                              strategy='most_frequent')))],
         verbose=False)
2025-09-19 11:28:57,926:INFO:Creating final display dataframe.
2025-09-19 11:28:58,069:INFO:Setup _display_container:                     Description             Value
0                    Session id               207
1                        Target            Exited
2                   Target type            Binary
3           Original data shape       (10000, 15)
4        Transformed data shape       (10000, 15)
5   Transformed train set shape        (7000, 15)
6    Transformed test set shape        (3000, 15)
7              Numeric features                14
8                    Preprocess              True
9               Imputation type            simple
10           Numeric imputation              mean
11       Categorical imputation              mode
12               Fold Generator   StratifiedKFold
13                  Fold Number                10
14                     CPU Jobs                -1
15                      Use GPU             False
16               Log Experiment             False
17              Experiment Name  clf-default-name
18                          USI              1a82
2025-09-19 11:28:58,186:INFO:Soft dependency imported: xgboost: 3.0.5
2025-09-19 11:28:58,189:WARNING:
'catboost' is a soft dependency and not included in the pycaret installation. Please run: `pip install catboost` to install.
Alternately, you can install this by running `pip install pycaret[models]`
2025-09-19 11:28:58,275:INFO:Soft dependency imported: xgboost: 3.0.5
2025-09-19 11:28:58,278:WARNING:
'catboost' is a soft dependency and not included in the pycaret installation. Please run: `pip install catboost` to install.
Alternately, you can install this by running `pip install pycaret[models]`
2025-09-19 11:28:58,280:INFO:setup() successfully completed in 1.1s...............
2025-09-19 11:29:02,661:INFO:PyCaret ClassificationExperiment
2025-09-19 11:29:02,661:INFO:Logging name: clf-default-name
2025-09-19 11:29:02,661:INFO:ML Usecase: MLUsecase.CLASSIFICATION
2025-09-19 11:29:02,662:INFO:version 3.3.2
2025-09-19 11:29:02,662:INFO:Initializing setup()
2025-09-19 11:29:02,662:INFO:self.USI: 3bbc
2025-09-19 11:29:02,663:INFO:self._variable_keys: {'target_param', 'X', 'html_param', 'y', 'is_multiclass', 'data', 'fix_imbalance', 'exp_name_log', 'USI', '_ml_usecase', 'seed', 'n_jobs_param', 'y_train', 'X_train', 'memory', 'exp_id', 'logging_param', 'gpu_param', '_available_plots', 'gpu_n_jobs_param', 'log_plots_param', 'fold_shuffle_param', 'y_test', 'pipeline', 'idx', 'fold_groups_param', 'X_test', 'fold_generator'}
2025-09-19 11:29:02,663:INFO:Checking environment
2025-09-19 11:29:02,663:INFO:python_version: 3.11.9
2025-09-19 11:29:02,664:INFO:python_build: ('tags/v3.11.9:de54cf5', 'Apr  2 2024 10:12:12')
2025-09-19 11:29:02,664:INFO:machine: AMD64
2025-09-19 11:29:02,665:INFO:platform: Windows-10-10.0.26100-SP0
2025-09-19 11:29:02,676:INFO:Memory: svmem(total=17060995072, available=5019422720, percent=70.6, used=12041572352, free=5019422720)
2025-09-19 11:29:02,676:INFO:Physical Core: 4
2025-09-19 11:29:02,677:INFO:Logical Core: 8
2025-09-19 11:29:02,677:INFO:Checking libraries
2025-09-19 11:29:02,677:INFO:System:
2025-09-19 11:29:02,677:INFO:    python: 3.11.9 (tags/v3.11.9:de54cf5, Apr  2 2024, 10:12:12) [MSC v.1938 64 bit (AMD64)]
2025-09-19 11:29:02,678:INFO:executable: C:\Users\sajad\pycaret\scripts\python.exe
2025-09-19 11:29:02,678:INFO:   machine: Windows-10-10.0.26100-SP0
2025-09-19 11:29:02,678:INFO:PyCaret required dependencies:
2025-09-19 11:29:02,678:INFO:                 pip: 25.2
2025-09-19 11:29:02,678:INFO:          setuptools: 65.5.0
2025-09-19 11:29:02,678:INFO:             pycaret: 3.3.2
2025-09-19 11:29:02,678:INFO:             IPython: 9.5.0
2025-09-19 11:29:02,680:INFO:          ipywidgets: 8.1.7
2025-09-19 11:29:02,680:INFO:                tqdm: 4.67.1
2025-09-19 11:29:02,680:INFO:               numpy: 1.26.4
2025-09-19 11:29:02,680:INFO:              pandas: 2.1.4
2025-09-19 11:29:02,680:INFO:              jinja2: 3.1.6
2025-09-19 11:29:02,681:INFO:               scipy: 1.11.4
2025-09-19 11:29:02,681:INFO:              joblib: 1.3.2
2025-09-19 11:29:02,681:INFO:             sklearn: 1.4.2
2025-09-19 11:29:02,682:INFO:                pyod: 2.0.5
2025-09-19 11:29:02,682:INFO:            imblearn: 0.14.0
2025-09-19 11:29:02,682:INFO:   category_encoders: 2.7.0
2025-09-19 11:29:02,682:INFO:            lightgbm: 4.6.0
2025-09-19 11:29:02,683:INFO:               numba: 0.62.0
2025-09-19 11:29:02,683:INFO:            requests: 2.32.5
2025-09-19 11:29:02,683:INFO:          matplotlib: 3.7.5
2025-09-19 11:29:02,683:INFO:          scikitplot: 0.3.7
2025-09-19 11:29:02,683:INFO:         yellowbrick: 1.5
2025-09-19 11:29:02,683:INFO:              plotly: 6.3.0
2025-09-19 11:29:02,685:INFO:    plotly-resampler: Not installed
2025-09-19 11:29:02,685:INFO:             kaleido: 1.1.0
2025-09-19 11:29:02,685:INFO:           schemdraw: 0.15
2025-09-19 11:29:02,685:INFO:         statsmodels: 0.14.5
2025-09-19 11:29:02,685:INFO:              sktime: 0.26.0
2025-09-19 11:29:02,686:INFO:               tbats: 1.1.3
2025-09-19 11:29:02,686:INFO:            pmdarima: 2.0.4
2025-09-19 11:29:02,686:INFO:              psutil: 7.1.0
2025-09-19 11:29:02,686:INFO:          markupsafe: 3.0.2
2025-09-19 11:29:02,686:INFO:             pickle5: Not installed
2025-09-19 11:29:02,686:INFO:         cloudpickle: 3.1.1
2025-09-19 11:29:02,687:INFO:         deprecation: 2.1.0
2025-09-19 11:29:02,687:INFO:              xxhash: 3.5.0
2025-09-19 11:29:02,687:INFO:           wurlitzer: Not installed
2025-09-19 11:29:02,687:INFO:PyCaret optional dependencies:
2025-09-19 11:29:02,687:INFO:                shap: Not installed
2025-09-19 11:29:02,688:INFO:           interpret: Not installed
2025-09-19 11:29:02,688:INFO:                umap: Not installed
2025-09-19 11:29:02,688:INFO:     ydata_profiling: Not installed
2025-09-19 11:29:02,688:INFO:  explainerdashboard: Not installed
2025-09-19 11:29:02,688:INFO:             autoviz: Not installed
2025-09-19 11:29:02,690:INFO:           fairlearn: Not installed
2025-09-19 11:29:02,690:INFO:          deepchecks: Not installed
2025-09-19 11:29:02,690:INFO:             xgboost: 3.0.5
2025-09-19 11:29:02,690:INFO:            catboost: Not installed
2025-09-19 11:29:02,690:INFO:              kmodes: Not installed
2025-09-19 11:29:02,690:INFO:             mlxtend: Not installed
2025-09-19 11:29:02,691:INFO:       statsforecast: Not installed
2025-09-19 11:29:02,691:INFO:        tune_sklearn: Not installed
2025-09-19 11:29:02,691:INFO:                 ray: Not installed
2025-09-19 11:29:02,691:INFO:            hyperopt: Not installed
2025-09-19 11:29:02,691:INFO:              optuna: Not installed
2025-09-19 11:29:02,691:INFO:               skopt: Not installed
2025-09-19 11:29:02,692:INFO:              mlflow: Not installed
2025-09-19 11:29:02,692:INFO:              gradio: Not installed
2025-09-19 11:29:02,692:INFO:             fastapi: Not installed
2025-09-19 11:29:02,692:INFO:             uvicorn: Not installed
2025-09-19 11:29:02,692:INFO:              m2cgen: Not installed
2025-09-19 11:29:02,692:INFO:           evidently: Not installed
2025-09-19 11:29:02,692:INFO:               fugue: Not installed
2025-09-19 11:29:02,693:INFO:           streamlit: Not installed
2025-09-19 11:29:02,693:INFO:             prophet: Not installed
2025-09-19 11:29:02,693:INFO:None
2025-09-19 11:29:02,693:INFO:Set up data.
2025-09-19 11:29:02,731:INFO:Set up folding strategy.
2025-09-19 11:29:02,732:INFO:Set up train/test split.
2025-09-19 11:29:02,758:INFO:Set up index.
2025-09-19 11:29:02,759:INFO:Assigning column types.
2025-09-19 11:29:02,777:INFO:Engine successfully changes for model 'lr' to 'sklearn'.
2025-09-19 11:29:02,858:INFO:Engine for model 'knn' has not been set explicitly, hence returning None.
2025-09-19 11:29:02,860:INFO:Engine for model 'rbfsvm' has not been set explicitly, hence returning None.
2025-09-19 11:29:02,902:INFO:Soft dependency imported: xgboost: 3.0.5
2025-09-19 11:29:02,905:WARNING:
'catboost' is a soft dependency and not included in the pycaret installation. Please run: `pip install catboost` to install.
Alternately, you can install this by running `pip install pycaret[models]`
2025-09-19 11:29:02,953:INFO:Engine for model 'knn' has not been set explicitly, hence returning None.
2025-09-19 11:29:02,954:INFO:Engine for model 'rbfsvm' has not been set explicitly, hence returning None.
2025-09-19 11:29:02,986:INFO:Soft dependency imported: xgboost: 3.0.5
2025-09-19 11:29:02,989:WARNING:
'catboost' is a soft dependency and not included in the pycaret installation. Please run: `pip install catboost` to install.
Alternately, you can install this by running `pip install pycaret[models]`
2025-09-19 11:29:02,989:INFO:Engine successfully changes for model 'knn' to 'sklearn'.
2025-09-19 11:29:03,038:INFO:Engine for model 'rbfsvm' has not been set explicitly, hence returning None.
2025-09-19 11:29:03,068:INFO:Soft dependency imported: xgboost: 3.0.5
2025-09-19 11:29:03,071:WARNING:
'catboost' is a soft dependency and not included in the pycaret installation. Please run: `pip install catboost` to install.
Alternately, you can install this by running `pip install pycaret[models]`
2025-09-19 11:29:03,122:INFO:Engine for model 'rbfsvm' has not been set explicitly, hence returning None.
2025-09-19 11:29:03,152:INFO:Soft dependency imported: xgboost: 3.0.5
2025-09-19 11:29:03,154:WARNING:
'catboost' is a soft dependency and not included in the pycaret installation. Please run: `pip install catboost` to install.
Alternately, you can install this by running `pip install pycaret[models]`
2025-09-19 11:29:03,154:INFO:Engine successfully changes for model 'rbfsvm' to 'sklearn'.
2025-09-19 11:29:03,233:INFO:Soft dependency imported: xgboost: 3.0.5
2025-09-19 11:29:03,236:WARNING:
'catboost' is a soft dependency and not included in the pycaret installation. Please run: `pip install catboost` to install.
Alternately, you can install this by running `pip install pycaret[models]`
2025-09-19 11:29:03,324:INFO:Soft dependency imported: xgboost: 3.0.5
2025-09-19 11:29:03,327:WARNING:
'catboost' is a soft dependency and not included in the pycaret installation. Please run: `pip install catboost` to install.
Alternately, you can install this by running `pip install pycaret[models]`
2025-09-19 11:29:03,328:INFO:Preparing preprocessing pipeline...
2025-09-19 11:29:03,330:INFO:Set up simple imputation.
2025-09-19 11:29:03,358:INFO:Finished creating preprocessing pipeline.
2025-09-19 11:29:03,361:INFO:Pipeline: Pipeline(memory=FastMemory(location=C:\Users\sajad\AppData\Local\Temp\joblib),
         steps=[('numerical_imputer',
                 TransformerWrapper(exclude=None,
                                    include=['RowNumber', 'CustomerId',
                                             'CreditScore', 'Gender', 'Age',
                                             'Tenure', 'Balance',
                                             'NumOfProducts', 'HasCrCard',
                                             'IsActiveMember',
                                             'EstimatedSalary',
                                             'Geography_France',
                                             'Geography_Germany',
                                             'Geography_Spain'],
                                    transformer=SimpleImputer(add_indicator=False,
                                                              copy=True,
                                                              fill_value=None,
                                                              keep_empty_features=False,
                                                              missing_values=nan,
                                                              strategy='mean'))),
                ('categorical_imputer',
                 TransformerWrapper(exclude=None, include=[],
                                    transformer=SimpleImputer(add_indicator=False,
                                                              copy=True,
                                                              fill_value=None,
                                                              keep_empty_features=False,
                                                              missing_values=nan,
                                                              strategy='most_frequent')))],
         verbose=False)
2025-09-19 11:29:03,361:INFO:Creating final display dataframe.
2025-09-19 11:29:03,461:INFO:Setup _display_container:                     Description             Value
0                    Session id              3078
1                        Target            Exited
2                   Target type            Binary
3           Original data shape       (10000, 15)
4        Transformed data shape       (10000, 15)
5   Transformed train set shape        (7000, 15)
6    Transformed test set shape        (3000, 15)
7              Numeric features                14
8                    Preprocess              True
9               Imputation type            simple
10           Numeric imputation              mean
11       Categorical imputation              mode
12               Fold Generator   StratifiedKFold
13                  Fold Number                10
14                     CPU Jobs                -1
15                      Use GPU             False
16               Log Experiment             False
17              Experiment Name  clf-default-name
18                          USI              3bbc
2025-09-19 11:29:03,563:INFO:Soft dependency imported: xgboost: 3.0.5
2025-09-19 11:29:03,569:WARNING:
'catboost' is a soft dependency and not included in the pycaret installation. Please run: `pip install catboost` to install.
Alternately, you can install this by running `pip install pycaret[models]`
2025-09-19 11:29:03,653:INFO:Soft dependency imported: xgboost: 3.0.5
2025-09-19 11:29:03,656:WARNING:
'catboost' is a soft dependency and not included in the pycaret installation. Please run: `pip install catboost` to install.
Alternately, you can install this by running `pip install pycaret[models]`
2025-09-19 11:29:03,657:INFO:setup() successfully completed in 1.0s...............
2025-09-19 11:29:17,820:INFO:Initializing compare_models()
2025-09-19 11:29:17,820:INFO:compare_models(self=<pycaret.classification.oop.ClassificationExperiment object at 0x0000022FDC91C4D0>, include=None, exclude=None, fold=None, round=4, cross_validation=True, sort=Accuracy, n_select=1, budget_time=None, turbo=True, errors=ignore, fit_kwargs=None, groups=None, experiment_custom_tags=None, probability_threshold=None, verbose=True, parallel=None, caller_params={'self': <pycaret.classification.oop.ClassificationExperiment object at 0x0000022FDC91C4D0>, 'include': None, 'exclude': None, 'fold': None, 'round': 4, 'cross_validation': True, 'sort': 'Accuracy', 'n_select': 1, 'budget_time': None, 'turbo': True, 'errors': 'ignore', 'fit_kwargs': None, 'groups': None, 'experiment_custom_tags': None, 'probability_threshold': None, 'engine': None, 'verbose': True, 'parallel': None, '__class__': <class 'pycaret.classification.oop.ClassificationExperiment'>})
2025-09-19 11:29:17,820:INFO:Checking exceptions
2025-09-19 11:29:17,831:INFO:Preparing display monitor
2025-09-19 11:29:17,866:INFO:Initializing Logistic Regression
2025-09-19 11:29:17,866:INFO:Total runtime is 1.661380132039388e-05 minutes
2025-09-19 11:29:17,872:INFO:SubProcess create_model() called ==================================
2025-09-19 11:29:17,872:INFO:Initializing create_model()
2025-09-19 11:29:17,872:INFO:create_model(self=<pycaret.classification.oop.ClassificationExperiment object at 0x0000022FDC91C4D0>, estimator=lr, fold=StratifiedKFold(n_splits=10, random_state=None, shuffle=False), round=4, cross_validation=True, predict=True, fit_kwargs={}, groups=None, refit=False, probability_threshold=None, experiment_custom_tags=None, verbose=False, system=False, add_to_model_list=True, metrics=None, display=<pycaret.internal.display.display.CommonDisplay object at 0x0000022FDE1B4C90>, model_only=True, return_train_score=False, error_score=0.0, kwargs={})
2025-09-19 11:29:17,873:INFO:Checking exceptions
2025-09-19 11:29:17,873:INFO:Importing libraries
2025-09-19 11:29:17,873:INFO:Copying training dataset
2025-09-19 11:29:17,898:INFO:Defining folds
2025-09-19 11:29:17,898:INFO:Declaring metric variables
2025-09-19 11:29:17,904:INFO:Importing untrained model
2025-09-19 11:29:17,910:INFO:Logistic Regression Imported successfully
2025-09-19 11:29:17,919:INFO:Starting cross validation
2025-09-19 11:29:17,920:INFO:Cross validating with StratifiedKFold(n_splits=10, random_state=None, shuffle=False), n_jobs=-1
2025-09-19 11:29:25,284:INFO:Calculating mean and std
2025-09-19 11:29:25,287:INFO:Creating metrics dataframe
2025-09-19 11:29:25,292:INFO:Uploading results into container
2025-09-19 11:29:25,294:INFO:Uploading model into container now
2025-09-19 11:29:25,295:INFO:_master_model_container: 1
2025-09-19 11:29:25,296:INFO:_display_container: 2
2025-09-19 11:29:25,297:INFO:LogisticRegression(C=1.0, class_weight=None, dual=False, fit_intercept=True,
                   intercept_scaling=1, l1_ratio=None, max_iter=1000,
                   multi_class='auto', n_jobs=None, penalty='l2',
                   random_state=3078, solver='lbfgs', tol=0.0001, verbose=0,
                   warm_start=False)
2025-09-19 11:29:25,297:INFO:create_model() successfully completed......................................
2025-09-19 11:29:25,669:INFO:SubProcess create_model() end ==================================
2025-09-19 11:29:25,669:INFO:Creating metrics dataframe
2025-09-19 11:29:25,679:INFO:Initializing K Neighbors Classifier
2025-09-19 11:29:25,679:INFO:Total runtime is 0.13022793134053548 minutes
2025-09-19 11:29:25,685:INFO:SubProcess create_model() called ==================================
2025-09-19 11:29:25,685:INFO:Initializing create_model()
2025-09-19 11:29:25,685:INFO:create_model(self=<pycaret.classification.oop.ClassificationExperiment object at 0x0000022FDC91C4D0>, estimator=knn, fold=StratifiedKFold(n_splits=10, random_state=None, shuffle=False), round=4, cross_validation=True, predict=True, fit_kwargs={}, groups=None, refit=False, probability_threshold=None, experiment_custom_tags=None, verbose=False, system=False, add_to_model_list=True, metrics=None, display=<pycaret.internal.display.display.CommonDisplay object at 0x0000022FDE1B4C90>, model_only=True, return_train_score=False, error_score=0.0, kwargs={})
2025-09-19 11:29:25,686:INFO:Checking exceptions
2025-09-19 11:29:25,686:INFO:Importing libraries
2025-09-19 11:29:25,686:INFO:Copying training dataset
2025-09-19 11:29:25,704:INFO:Defining folds
2025-09-19 11:29:25,704:INFO:Declaring metric variables
2025-09-19 11:29:25,710:INFO:Importing untrained model
2025-09-19 11:29:25,717:INFO:K Neighbors Classifier Imported successfully
2025-09-19 11:29:25,729:INFO:Starting cross validation
2025-09-19 11:29:25,730:INFO:Cross validating with StratifiedKFold(n_splits=10, random_state=None, shuffle=False), n_jobs=-1
2025-09-19 11:29:26,566:INFO:Calculating mean and std
2025-09-19 11:29:26,569:INFO:Creating metrics dataframe
2025-09-19 11:29:26,575:INFO:Uploading results into container
2025-09-19 11:29:26,576:INFO:Uploading model into container now
2025-09-19 11:29:26,578:INFO:_master_model_container: 2
2025-09-19 11:29:26,578:INFO:_display_container: 2
2025-09-19 11:29:26,579:INFO:KNeighborsClassifier(algorithm='auto', leaf_size=30, metric='minkowski',
                     metric_params=None, n_jobs=-1, n_neighbors=5, p=2,
                     weights='uniform')
2025-09-19 11:29:26,580:INFO:create_model() successfully completed......................................
2025-09-19 11:29:26,960:INFO:SubProcess create_model() end ==================================
2025-09-19 11:29:26,960:INFO:Creating metrics dataframe
2025-09-19 11:29:26,971:INFO:Initializing Naive Bayes
2025-09-19 11:29:26,971:INFO:Total runtime is 0.15175559918085735 minutes
2025-09-19 11:29:26,975:INFO:SubProcess create_model() called ==================================
2025-09-19 11:29:26,976:INFO:Initializing create_model()
2025-09-19 11:29:26,976:INFO:create_model(self=<pycaret.classification.oop.ClassificationExperiment object at 0x0000022FDC91C4D0>, estimator=nb, fold=StratifiedKFold(n_splits=10, random_state=None, shuffle=False), round=4, cross_validation=True, predict=True, fit_kwargs={}, groups=None, refit=False, probability_threshold=None, experiment_custom_tags=None, verbose=False, system=False, add_to_model_list=True, metrics=None, display=<pycaret.internal.display.display.CommonDisplay object at 0x0000022FDE1B4C90>, model_only=True, return_train_score=False, error_score=0.0, kwargs={})
2025-09-19 11:29:26,976:INFO:Checking exceptions
2025-09-19 11:29:26,976:INFO:Importing libraries
2025-09-19 11:29:26,976:INFO:Copying training dataset
2025-09-19 11:29:26,990:INFO:Defining folds
2025-09-19 11:29:26,992:INFO:Declaring metric variables
2025-09-19 11:29:26,997:INFO:Importing untrained model
2025-09-19 11:29:27,003:INFO:Naive Bayes Imported successfully
2025-09-19 11:29:27,016:INFO:Starting cross validation
2025-09-19 11:29:27,017:INFO:Cross validating with StratifiedKFold(n_splits=10, random_state=None, shuffle=False), n_jobs=-1
2025-09-19 11:29:27,167:INFO:Calculating mean and std
2025-09-19 11:29:27,168:INFO:Creating metrics dataframe
2025-09-19 11:29:27,170:INFO:Uploading results into container
2025-09-19 11:29:27,170:INFO:Uploading model into container now
2025-09-19 11:29:27,170:INFO:_master_model_container: 3
2025-09-19 11:29:27,170:INFO:_display_container: 2
2025-09-19 11:29:27,171:INFO:GaussianNB(priors=None, var_smoothing=1e-09)
2025-09-19 11:29:27,171:INFO:create_model() successfully completed......................................
2025-09-19 11:29:27,475:INFO:SubProcess create_model() end ==================================
2025-09-19 11:29:27,476:INFO:Creating metrics dataframe
2025-09-19 11:29:27,489:INFO:Initializing Decision Tree Classifier
2025-09-19 11:29:27,490:INFO:Total runtime is 0.16041665077209474 minutes
2025-09-19 11:29:27,495:INFO:SubProcess create_model() called ==================================
2025-09-19 11:29:27,496:INFO:Initializing create_model()
2025-09-19 11:29:27,496:INFO:create_model(self=<pycaret.classification.oop.ClassificationExperiment object at 0x0000022FDC91C4D0>, estimator=dt, fold=StratifiedKFold(n_splits=10, random_state=None, shuffle=False), round=4, cross_validation=True, predict=True, fit_kwargs={}, groups=None, refit=False, probability_threshold=None, experiment_custom_tags=None, verbose=False, system=False, add_to_model_list=True, metrics=None, display=<pycaret.internal.display.display.CommonDisplay object at 0x0000022FDE1B4C90>, model_only=True, return_train_score=False, error_score=0.0, kwargs={})
2025-09-19 11:29:27,496:INFO:Checking exceptions
2025-09-19 11:29:27,496:INFO:Importing libraries
2025-09-19 11:29:27,496:INFO:Copying training dataset
2025-09-19 11:29:27,512:INFO:Defining folds
2025-09-19 11:29:27,512:INFO:Declaring metric variables
2025-09-19 11:29:27,517:INFO:Importing untrained model
2025-09-19 11:29:27,524:INFO:Decision Tree Classifier Imported successfully
2025-09-19 11:29:27,535:INFO:Starting cross validation
2025-09-19 11:29:27,536:INFO:Cross validating with StratifiedKFold(n_splits=10, random_state=None, shuffle=False), n_jobs=-1
2025-09-19 11:29:27,831:INFO:Calculating mean and std
2025-09-19 11:29:27,833:INFO:Creating metrics dataframe
2025-09-19 11:29:27,837:INFO:Uploading results into container
2025-09-19 11:29:27,838:INFO:Uploading model into container now
2025-09-19 11:29:27,838:INFO:_master_model_container: 4
2025-09-19 11:29:27,838:INFO:_display_container: 2
2025-09-19 11:29:27,839:INFO:DecisionTreeClassifier(ccp_alpha=0.0, class_weight=None, criterion='gini',
                       max_depth=None, max_features=None, max_leaf_nodes=None,
                       min_impurity_decrease=0.0, min_samples_leaf=1,
                       min_samples_split=2, min_weight_fraction_leaf=0.0,
                       monotonic_cst=None, random_state=3078, splitter='best')
2025-09-19 11:29:27,839:INFO:create_model() successfully completed......................................
2025-09-19 11:29:28,155:INFO:SubProcess create_model() end ==================================
2025-09-19 11:29:28,155:INFO:Creating metrics dataframe
2025-09-19 11:29:28,167:INFO:Initializing SVM - Linear Kernel
2025-09-19 11:29:28,168:INFO:Total runtime is 0.17171138127644858 minutes
2025-09-19 11:29:28,174:INFO:SubProcess create_model() called ==================================
2025-09-19 11:29:28,175:INFO:Initializing create_model()
2025-09-19 11:29:28,175:INFO:create_model(self=<pycaret.classification.oop.ClassificationExperiment object at 0x0000022FDC91C4D0>, estimator=svm, fold=StratifiedKFold(n_splits=10, random_state=None, shuffle=False), round=4, cross_validation=True, predict=True, fit_kwargs={}, groups=None, refit=False, probability_threshold=None, experiment_custom_tags=None, verbose=False, system=False, add_to_model_list=True, metrics=None, display=<pycaret.internal.display.display.CommonDisplay object at 0x0000022FDE1B4C90>, model_only=True, return_train_score=False, error_score=0.0, kwargs={})
2025-09-19 11:29:28,175:INFO:Checking exceptions
2025-09-19 11:29:28,176:INFO:Importing libraries
2025-09-19 11:29:28,176:INFO:Copying training dataset
2025-09-19 11:29:28,192:INFO:Defining folds
2025-09-19 11:29:28,193:INFO:Declaring metric variables
2025-09-19 11:29:28,198:INFO:Importing untrained model
2025-09-19 11:29:28,204:INFO:SVM - Linear Kernel Imported successfully
2025-09-19 11:29:28,217:INFO:Starting cross validation
2025-09-19 11:29:28,218:INFO:Cross validating with StratifiedKFold(n_splits=10, random_state=None, shuffle=False), n_jobs=-1
2025-09-19 11:29:28,443:INFO:Calculating mean and std
2025-09-19 11:29:28,445:INFO:Creating metrics dataframe
2025-09-19 11:29:28,447:INFO:Uploading results into container
2025-09-19 11:29:28,448:INFO:Uploading model into container now
2025-09-19 11:29:28,448:INFO:_master_model_container: 5
2025-09-19 11:29:28,448:INFO:_display_container: 2
2025-09-19 11:29:28,449:INFO:SGDClassifier(alpha=0.0001, average=False, class_weight=None,
              early_stopping=False, epsilon=0.1, eta0=0.001, fit_intercept=True,
              l1_ratio=0.15, learning_rate='optimal', loss='hinge',
              max_iter=1000, n_iter_no_change=5, n_jobs=-1, penalty='l2',
              power_t=0.5, random_state=3078, shuffle=True, tol=0.001,
              validation_fraction=0.1, verbose=0, warm_start=False)
2025-09-19 11:29:28,449:INFO:create_model() successfully completed......................................
2025-09-19 11:29:28,755:INFO:SubProcess create_model() end ==================================
2025-09-19 11:29:28,755:INFO:Creating metrics dataframe
2025-09-19 11:29:28,768:INFO:Initializing Ridge Classifier
2025-09-19 11:29:28,768:INFO:Total runtime is 0.1817149043083191 minutes
2025-09-19 11:29:28,773:INFO:SubProcess create_model() called ==================================
2025-09-19 11:29:28,773:INFO:Initializing create_model()
2025-09-19 11:29:28,774:INFO:create_model(self=<pycaret.classification.oop.ClassificationExperiment object at 0x0000022FDC91C4D0>, estimator=ridge, fold=StratifiedKFold(n_splits=10, random_state=None, shuffle=False), round=4, cross_validation=True, predict=True, fit_kwargs={}, groups=None, refit=False, probability_threshold=None, experiment_custom_tags=None, verbose=False, system=False, add_to_model_list=True, metrics=None, display=<pycaret.internal.display.display.CommonDisplay object at 0x0000022FDE1B4C90>, model_only=True, return_train_score=False, error_score=0.0, kwargs={})
2025-09-19 11:29:28,774:INFO:Checking exceptions
2025-09-19 11:29:28,775:INFO:Importing libraries
2025-09-19 11:29:28,775:INFO:Copying training dataset
2025-09-19 11:29:28,788:INFO:Defining folds
2025-09-19 11:29:28,788:INFO:Declaring metric variables
2025-09-19 11:29:28,795:INFO:Importing untrained model
2025-09-19 11:29:28,802:INFO:Ridge Classifier Imported successfully
2025-09-19 11:29:28,816:INFO:Starting cross validation
2025-09-19 11:29:28,817:INFO:Cross validating with StratifiedKFold(n_splits=10, random_state=None, shuffle=False), n_jobs=-1
2025-09-19 11:29:28,986:INFO:Calculating mean and std
2025-09-19 11:29:28,990:INFO:Creating metrics dataframe
2025-09-19 11:29:28,996:INFO:Uploading results into container
2025-09-19 11:29:28,997:INFO:Uploading model into container now
2025-09-19 11:29:28,998:INFO:_master_model_container: 6
2025-09-19 11:29:28,998:INFO:_display_container: 2
2025-09-19 11:29:28,999:INFO:RidgeClassifier(alpha=1.0, class_weight=None, copy_X=True, fit_intercept=True,
                max_iter=None, positive=False, random_state=3078, solver='auto',
                tol=0.0001)
2025-09-19 11:29:28,999:INFO:create_model() successfully completed......................................
2025-09-19 11:29:29,316:INFO:SubProcess create_model() end ==================================
2025-09-19 11:29:29,316:INFO:Creating metrics dataframe
2025-09-19 11:29:29,332:INFO:Initializing Random Forest Classifier
2025-09-19 11:29:29,332:INFO:Total runtime is 0.19111664295196534 minutes
2025-09-19 11:29:29,340:INFO:SubProcess create_model() called ==================================
2025-09-19 11:29:29,340:INFO:Initializing create_model()
2025-09-19 11:29:29,341:INFO:create_model(self=<pycaret.classification.oop.ClassificationExperiment object at 0x0000022FDC91C4D0>, estimator=rf, fold=StratifiedKFold(n_splits=10, random_state=None, shuffle=False), round=4, cross_validation=True, predict=True, fit_kwargs={}, groups=None, refit=False, probability_threshold=None, experiment_custom_tags=None, verbose=False, system=False, add_to_model_list=True, metrics=None, display=<pycaret.internal.display.display.CommonDisplay object at 0x0000022FDE1B4C90>, model_only=True, return_train_score=False, error_score=0.0, kwargs={})
2025-09-19 11:29:29,341:INFO:Checking exceptions
2025-09-19 11:29:29,341:INFO:Importing libraries
2025-09-19 11:29:29,341:INFO:Copying training dataset
2025-09-19 11:29:29,362:INFO:Defining folds
2025-09-19 11:29:29,362:INFO:Declaring metric variables
2025-09-19 11:29:29,367:INFO:Importing untrained model
2025-09-19 11:29:29,375:INFO:Random Forest Classifier Imported successfully
2025-09-19 11:29:29,387:INFO:Starting cross validation
2025-09-19 11:29:29,389:INFO:Cross validating with StratifiedKFold(n_splits=10, random_state=None, shuffle=False), n_jobs=-1
2025-09-19 11:29:32,015:INFO:Calculating mean and std
2025-09-19 11:29:32,016:INFO:Creating metrics dataframe
2025-09-19 11:29:32,018:INFO:Uploading results into container
2025-09-19 11:29:32,019:INFO:Uploading model into container now
2025-09-19 11:29:32,019:INFO:_master_model_container: 7
2025-09-19 11:29:32,019:INFO:_display_container: 2
2025-09-19 11:29:32,020:INFO:RandomForestClassifier(bootstrap=True, ccp_alpha=0.0, class_weight=None,
                       criterion='gini', max_depth=None, max_features='sqrt',
                       max_leaf_nodes=None, max_samples=None,
                       min_impurity_decrease=0.0, min_samples_leaf=1,
                       min_samples_split=2, min_weight_fraction_leaf=0.0,
                       monotonic_cst=None, n_estimators=100, n_jobs=-1,
                       oob_score=False, random_state=3078, verbose=0,
                       warm_start=False)
2025-09-19 11:29:32,020:INFO:create_model() successfully completed......................................
2025-09-19 11:29:32,340:INFO:SubProcess create_model() end ==================================
2025-09-19 11:29:32,340:INFO:Creating metrics dataframe
2025-09-19 11:29:32,353:INFO:Initializing Quadratic Discriminant Analysis
2025-09-19 11:29:32,353:INFO:Total runtime is 0.24146860043207805 minutes
2025-09-19 11:29:32,361:INFO:SubProcess create_model() called ==================================
2025-09-19 11:29:32,361:INFO:Initializing create_model()
2025-09-19 11:29:32,362:INFO:create_model(self=<pycaret.classification.oop.ClassificationExperiment object at 0x0000022FDC91C4D0>, estimator=qda, fold=StratifiedKFold(n_splits=10, random_state=None, shuffle=False), round=4, cross_validation=True, predict=True, fit_kwargs={}, groups=None, refit=False, probability_threshold=None, experiment_custom_tags=None, verbose=False, system=False, add_to_model_list=True, metrics=None, display=<pycaret.internal.display.display.CommonDisplay object at 0x0000022FDE1B4C90>, model_only=True, return_train_score=False, error_score=0.0, kwargs={})
2025-09-19 11:29:32,362:INFO:Checking exceptions
2025-09-19 11:29:32,362:INFO:Importing libraries
2025-09-19 11:29:32,362:INFO:Copying training dataset
2025-09-19 11:29:32,377:INFO:Defining folds
2025-09-19 11:29:32,377:INFO:Declaring metric variables
2025-09-19 11:29:32,382:INFO:Importing untrained model
2025-09-19 11:29:32,387:INFO:Quadratic Discriminant Analysis Imported successfully
2025-09-19 11:29:32,399:INFO:Starting cross validation
2025-09-19 11:29:32,400:INFO:Cross validating with StratifiedKFold(n_splits=10, random_state=None, shuffle=False), n_jobs=-1
2025-09-19 11:29:32,462:WARNING:C:\Users\sajad\pycaret\Lib\site-packages\sklearn\discriminant_analysis.py:935: UserWarning: Variables are collinear
  warnings.warn("Variables are collinear")

2025-09-19 11:29:32,462:WARNING:C:\Users\sajad\pycaret\Lib\site-packages\sklearn\discriminant_analysis.py:935: UserWarning: Variables are collinear
  warnings.warn("Variables are collinear")

2025-09-19 11:29:32,463:WARNING:C:\Users\sajad\pycaret\Lib\site-packages\sklearn\discriminant_analysis.py:935: UserWarning: Variables are collinear
  warnings.warn("Variables are collinear")

2025-09-19 11:29:32,463:WARNING:C:\Users\sajad\pycaret\Lib\site-packages\sklearn\discriminant_analysis.py:935: UserWarning: Variables are collinear
  warnings.warn("Variables are collinear")

2025-09-19 11:29:32,464:WARNING:C:\Users\sajad\pycaret\Lib\site-packages\sklearn\discriminant_analysis.py:935: UserWarning: Variables are collinear
  warnings.warn("Variables are collinear")

2025-09-19 11:29:32,466:WARNING:C:\Users\sajad\pycaret\Lib\site-packages\sklearn\discriminant_analysis.py:935: UserWarning: Variables are collinear
  warnings.warn("Variables are collinear")

2025-09-19 11:29:32,470:WARNING:C:\Users\sajad\pycaret\Lib\site-packages\sklearn\discriminant_analysis.py:935: UserWarning: Variables are collinear
  warnings.warn("Variables are collinear")

2025-09-19 11:29:32,478:WARNING:C:\Users\sajad\pycaret\Lib\site-packages\sklearn\discriminant_analysis.py:935: UserWarning: Variables are collinear
  warnings.warn("Variables are collinear")

2025-09-19 11:29:32,526:WARNING:C:\Users\sajad\pycaret\Lib\site-packages\sklearn\discriminant_analysis.py:935: UserWarning: Variables are collinear
  warnings.warn("Variables are collinear")

2025-09-19 11:29:32,529:WARNING:C:\Users\sajad\pycaret\Lib\site-packages\sklearn\discriminant_analysis.py:935: UserWarning: Variables are collinear
  warnings.warn("Variables are collinear")

2025-09-19 11:29:32,559:INFO:Calculating mean and std
2025-09-19 11:29:32,560:INFO:Creating metrics dataframe
2025-09-19 11:29:32,562:INFO:Uploading results into container
2025-09-19 11:29:32,563:INFO:Uploading model into container now
2025-09-19 11:29:32,563:INFO:_master_model_container: 8
2025-09-19 11:29:32,563:INFO:_display_container: 2
2025-09-19 11:29:32,565:INFO:QuadraticDiscriminantAnalysis(priors=None, reg_param=0.0,
                              store_covariance=False, tol=0.0001)
2025-09-19 11:29:32,565:INFO:create_model() successfully completed......................................
2025-09-19 11:29:32,913:INFO:SubProcess create_model() end ==================================
2025-09-19 11:29:32,914:INFO:Creating metrics dataframe
2025-09-19 11:29:32,928:INFO:Initializing Ada Boost Classifier
2025-09-19 11:29:32,928:INFO:Total runtime is 0.2510359525680542 minutes
2025-09-19 11:29:32,932:INFO:SubProcess create_model() called ==================================
2025-09-19 11:29:32,933:INFO:Initializing create_model()
2025-09-19 11:29:32,933:INFO:create_model(self=<pycaret.classification.oop.ClassificationExperiment object at 0x0000022FDC91C4D0>, estimator=ada, fold=StratifiedKFold(n_splits=10, random_state=None, shuffle=False), round=4, cross_validation=True, predict=True, fit_kwargs={}, groups=None, refit=False, probability_threshold=None, experiment_custom_tags=None, verbose=False, system=False, add_to_model_list=True, metrics=None, display=<pycaret.internal.display.display.CommonDisplay object at 0x0000022FDE1B4C90>, model_only=True, return_train_score=False, error_score=0.0, kwargs={})
2025-09-19 11:29:32,933:INFO:Checking exceptions
2025-09-19 11:29:32,933:INFO:Importing libraries
2025-09-19 11:29:32,933:INFO:Copying training dataset
2025-09-19 11:29:32,949:INFO:Defining folds
2025-09-19 11:29:32,949:INFO:Declaring metric variables
2025-09-19 11:29:32,953:INFO:Importing untrained model
2025-09-19 11:29:32,958:INFO:Ada Boost Classifier Imported successfully
2025-09-19 11:29:32,968:INFO:Starting cross validation
2025-09-19 11:29:32,969:INFO:Cross validating with StratifiedKFold(n_splits=10, random_state=None, shuffle=False), n_jobs=-1
2025-09-19 11:29:33,013:WARNING:C:\Users\sajad\pycaret\Lib\site-packages\sklearn\ensemble\_weight_boosting.py:519: FutureWarning: The SAMME.R algorithm (the default) is deprecated and will be removed in 1.6. Use the SAMME algorithm to circumvent this warning.
  warnings.warn(

2025-09-19 11:29:33,016:WARNING:C:\Users\sajad\pycaret\Lib\site-packages\sklearn\ensemble\_weight_boosting.py:519: FutureWarning: The SAMME.R algorithm (the default) is deprecated and will be removed in 1.6. Use the SAMME algorithm to circumvent this warning.
  warnings.warn(

2025-09-19 11:29:33,016:WARNING:C:\Users\sajad\pycaret\Lib\site-packages\sklearn\ensemble\_weight_boosting.py:519: FutureWarning: The SAMME.R algorithm (the default) is deprecated and will be removed in 1.6. Use the SAMME algorithm to circumvent this warning.
  warnings.warn(

2025-09-19 11:29:33,021:WARNING:C:\Users\sajad\pycaret\Lib\site-packages\sklearn\ensemble\_weight_boosting.py:519: FutureWarning: The SAMME.R algorithm (the default) is deprecated and will be removed in 1.6. Use the SAMME algorithm to circumvent this warning.
  warnings.warn(

2025-09-19 11:29:33,024:WARNING:C:\Users\sajad\pycaret\Lib\site-packages\sklearn\ensemble\_weight_boosting.py:519: FutureWarning: The SAMME.R algorithm (the default) is deprecated and will be removed in 1.6. Use the SAMME algorithm to circumvent this warning.
  warnings.warn(

2025-09-19 11:29:33,026:WARNING:C:\Users\sajad\pycaret\Lib\site-packages\sklearn\ensemble\_weight_boosting.py:519: FutureWarning: The SAMME.R algorithm (the default) is deprecated and will be removed in 1.6. Use the SAMME algorithm to circumvent this warning.
  warnings.warn(

2025-09-19 11:29:33,032:WARNING:C:\Users\sajad\pycaret\Lib\site-packages\sklearn\ensemble\_weight_boosting.py:519: FutureWarning: The SAMME.R algorithm (the default) is deprecated and will be removed in 1.6. Use the SAMME algorithm to circumvent this warning.
  warnings.warn(

2025-09-19 11:29:33,035:WARNING:C:\Users\sajad\pycaret\Lib\site-packages\sklearn\ensemble\_weight_boosting.py:519: FutureWarning: The SAMME.R algorithm (the default) is deprecated and will be removed in 1.6. Use the SAMME algorithm to circumvent this warning.
  warnings.warn(

2025-09-19 11:29:33,655:WARNING:C:\Users\sajad\pycaret\Lib\site-packages\sklearn\ensemble\_weight_boosting.py:519: FutureWarning: The SAMME.R algorithm (the default) is deprecated and will be removed in 1.6. Use the SAMME algorithm to circumvent this warning.
  warnings.warn(

2025-09-19 11:29:33,657:WARNING:C:\Users\sajad\pycaret\Lib\site-packages\sklearn\ensemble\_weight_boosting.py:519: FutureWarning: The SAMME.R algorithm (the default) is deprecated and will be removed in 1.6. Use the SAMME algorithm to circumvent this warning.
  warnings.warn(

2025-09-19 11:29:34,109:INFO:Calculating mean and std
2025-09-19 11:29:34,110:INFO:Creating metrics dataframe
2025-09-19 11:29:34,111:INFO:Uploading results into container
2025-09-19 11:29:34,113:INFO:Uploading model into container now
2025-09-19 11:29:34,113:INFO:_master_model_container: 9
2025-09-19 11:29:34,113:INFO:_display_container: 2
2025-09-19 11:29:34,113:INFO:AdaBoostClassifier(algorithm='SAMME.R', estimator=None, learning_rate=1.0,
                   n_estimators=50, random_state=3078)
2025-09-19 11:29:34,114:INFO:create_model() successfully completed......................................
2025-09-19 11:29:34,448:INFO:SubProcess create_model() end ==================================
2025-09-19 11:29:34,449:INFO:Creating metrics dataframe
2025-09-19 11:29:34,465:INFO:Initializing Gradient Boosting Classifier
2025-09-19 11:29:34,465:INFO:Total runtime is 0.27665514151255294 minutes
2025-09-19 11:29:34,470:INFO:SubProcess create_model() called ==================================
2025-09-19 11:29:34,470:INFO:Initializing create_model()
2025-09-19 11:29:34,471:INFO:create_model(self=<pycaret.classification.oop.ClassificationExperiment object at 0x0000022FDC91C4D0>, estimator=gbc, fold=StratifiedKFold(n_splits=10, random_state=None, shuffle=False), round=4, cross_validation=True, predict=True, fit_kwargs={}, groups=None, refit=False, probability_threshold=None, experiment_custom_tags=None, verbose=False, system=False, add_to_model_list=True, metrics=None, display=<pycaret.internal.display.display.CommonDisplay object at 0x0000022FDE1B4C90>, model_only=True, return_train_score=False, error_score=0.0, kwargs={})
2025-09-19 11:29:34,471:INFO:Checking exceptions
2025-09-19 11:29:34,471:INFO:Importing libraries
2025-09-19 11:29:34,471:INFO:Copying training dataset
2025-09-19 11:29:34,489:INFO:Defining folds
2025-09-19 11:29:34,489:INFO:Declaring metric variables
2025-09-19 11:29:34,495:INFO:Importing untrained model
2025-09-19 11:29:34,500:INFO:Gradient Boosting Classifier Imported successfully
2025-09-19 11:29:34,511:INFO:Starting cross validation
2025-09-19 11:29:34,512:INFO:Cross validating with StratifiedKFold(n_splits=10, random_state=None, shuffle=False), n_jobs=-1
2025-09-19 11:29:38,500:INFO:Calculating mean and std
2025-09-19 11:29:38,502:INFO:Creating metrics dataframe
2025-09-19 11:29:38,505:INFO:Uploading results into container
2025-09-19 11:29:38,506:INFO:Uploading model into container now
2025-09-19 11:29:38,506:INFO:_master_model_container: 10
2025-09-19 11:29:38,506:INFO:_display_container: 2
2025-09-19 11:29:38,507:INFO:GradientBoostingClassifier(ccp_alpha=0.0, criterion='friedman_mse', init=None,
                           learning_rate=0.1, loss='log_loss', max_depth=3,
                           max_features=None, max_leaf_nodes=None,
                           min_impurity_decrease=0.0, min_samples_leaf=1,
                           min_samples_split=2, min_weight_fraction_leaf=0.0,
                           n_estimators=100, n_iter_no_change=None,
                           random_state=3078, subsample=1.0, tol=0.0001,
                           validation_fraction=0.1, verbose=0,
                           warm_start=False)
2025-09-19 11:29:38,507:INFO:create_model() successfully completed......................................
2025-09-19 11:29:38,816:INFO:SubProcess create_model() end ==================================
2025-09-19 11:29:38,816:INFO:Creating metrics dataframe
2025-09-19 11:29:38,834:INFO:Initializing Linear Discriminant Analysis
2025-09-19 11:29:38,835:INFO:Total runtime is 0.34947390953699753 minutes
2025-09-19 11:29:38,839:INFO:SubProcess create_model() called ==================================
2025-09-19 11:29:38,840:INFO:Initializing create_model()
2025-09-19 11:29:38,840:INFO:create_model(self=<pycaret.classification.oop.ClassificationExperiment object at 0x0000022FDC91C4D0>, estimator=lda, fold=StratifiedKFold(n_splits=10, random_state=None, shuffle=False), round=4, cross_validation=True, predict=True, fit_kwargs={}, groups=None, refit=False, probability_threshold=None, experiment_custom_tags=None, verbose=False, system=False, add_to_model_list=True, metrics=None, display=<pycaret.internal.display.display.CommonDisplay object at 0x0000022FDE1B4C90>, model_only=True, return_train_score=False, error_score=0.0, kwargs={})
2025-09-19 11:29:38,840:INFO:Checking exceptions
2025-09-19 11:29:38,840:INFO:Importing libraries
2025-09-19 11:29:38,840:INFO:Copying training dataset
2025-09-19 11:29:38,856:INFO:Defining folds
2025-09-19 11:29:38,856:INFO:Declaring metric variables
2025-09-19 11:29:38,863:INFO:Importing untrained model
2025-09-19 11:29:38,870:INFO:Linear Discriminant Analysis Imported successfully
2025-09-19 11:29:38,885:INFO:Starting cross validation
2025-09-19 11:29:38,886:INFO:Cross validating with StratifiedKFold(n_splits=10, random_state=None, shuffle=False), n_jobs=-1
2025-09-19 11:29:39,045:INFO:Calculating mean and std
2025-09-19 11:29:39,047:INFO:Creating metrics dataframe
2025-09-19 11:29:39,049:INFO:Uploading results into container
2025-09-19 11:29:39,049:INFO:Uploading model into container now
2025-09-19 11:29:39,050:INFO:_master_model_container: 11
2025-09-19 11:29:39,050:INFO:_display_container: 2
2025-09-19 11:29:39,050:INFO:LinearDiscriminantAnalysis(covariance_estimator=None, n_components=None,
                           priors=None, shrinkage=None, solver='svd',
                           store_covariance=False, tol=0.0001)
2025-09-19 11:29:39,050:INFO:create_model() successfully completed......................................
2025-09-19 11:29:39,357:INFO:SubProcess create_model() end ==================================
2025-09-19 11:29:39,357:INFO:Creating metrics dataframe
2025-09-19 11:29:39,372:INFO:Initializing Extra Trees Classifier
2025-09-19 11:29:39,372:INFO:Total runtime is 0.35844424168268846 minutes
2025-09-19 11:29:39,378:INFO:SubProcess create_model() called ==================================
2025-09-19 11:29:39,379:INFO:Initializing create_model()
2025-09-19 11:29:39,379:INFO:create_model(self=<pycaret.classification.oop.ClassificationExperiment object at 0x0000022FDC91C4D0>, estimator=et, fold=StratifiedKFold(n_splits=10, random_state=None, shuffle=False), round=4, cross_validation=True, predict=True, fit_kwargs={}, groups=None, refit=False, probability_threshold=None, experiment_custom_tags=None, verbose=False, system=False, add_to_model_list=True, metrics=None, display=<pycaret.internal.display.display.CommonDisplay object at 0x0000022FDE1B4C90>, model_only=True, return_train_score=False, error_score=0.0, kwargs={})
2025-09-19 11:29:39,379:INFO:Checking exceptions
2025-09-19 11:29:39,379:INFO:Importing libraries
2025-09-19 11:29:39,379:INFO:Copying training dataset
2025-09-19 11:29:39,402:INFO:Defining folds
2025-09-19 11:29:39,402:INFO:Declaring metric variables
2025-09-19 11:29:39,409:INFO:Importing untrained model
2025-09-19 11:29:39,417:INFO:Extra Trees Classifier Imported successfully
2025-09-19 11:29:39,427:INFO:Starting cross validation
2025-09-19 11:29:39,428:INFO:Cross validating with StratifiedKFold(n_splits=10, random_state=None, shuffle=False), n_jobs=-1
2025-09-19 11:29:41,085:INFO:Calculating mean and std
2025-09-19 11:29:41,087:INFO:Creating metrics dataframe
2025-09-19 11:29:41,089:INFO:Uploading results into container
2025-09-19 11:29:41,090:INFO:Uploading model into container now
2025-09-19 11:29:41,091:INFO:_master_model_container: 12
2025-09-19 11:29:41,091:INFO:_display_container: 2
2025-09-19 11:29:41,092:INFO:ExtraTreesClassifier(bootstrap=False, ccp_alpha=0.0, class_weight=None,
                     criterion='gini', max_depth=None, max_features='sqrt',
                     max_leaf_nodes=None, max_samples=None,
                     min_impurity_decrease=0.0, min_samples_leaf=1,
                     min_samples_split=2, min_weight_fraction_leaf=0.0,
                     monotonic_cst=None, n_estimators=100, n_jobs=-1,
                     oob_score=False, random_state=3078, verbose=0,
                     warm_start=False)
2025-09-19 11:29:41,092:INFO:create_model() successfully completed......................................
2025-09-19 11:29:41,401:INFO:SubProcess create_model() end ==================================
2025-09-19 11:29:41,401:INFO:Creating metrics dataframe
2025-09-19 11:29:41,414:INFO:Initializing Extreme Gradient Boosting
2025-09-19 11:29:41,414:INFO:Total runtime is 0.3924841443697612 minutes
2025-09-19 11:29:41,419:INFO:SubProcess create_model() called ==================================
2025-09-19 11:29:41,420:INFO:Initializing create_model()
2025-09-19 11:29:41,420:INFO:create_model(self=<pycaret.classification.oop.ClassificationExperiment object at 0x0000022FDC91C4D0>, estimator=xgboost, fold=StratifiedKFold(n_splits=10, random_state=None, shuffle=False), round=4, cross_validation=True, predict=True, fit_kwargs={}, groups=None, refit=False, probability_threshold=None, experiment_custom_tags=None, verbose=False, system=False, add_to_model_list=True, metrics=None, display=<pycaret.internal.display.display.CommonDisplay object at 0x0000022FDE1B4C90>, model_only=True, return_train_score=False, error_score=0.0, kwargs={})
2025-09-19 11:29:41,420:INFO:Checking exceptions
2025-09-19 11:29:41,420:INFO:Importing libraries
2025-09-19 11:29:41,421:INFO:Copying training dataset
2025-09-19 11:29:41,436:INFO:Defining folds
2025-09-19 11:29:41,436:INFO:Declaring metric variables
2025-09-19 11:29:41,442:INFO:Importing untrained model
2025-09-19 11:29:41,452:INFO:Extreme Gradient Boosting Imported successfully
2025-09-19 11:29:41,462:INFO:Starting cross validation
2025-09-19 11:29:41,464:INFO:Cross validating with StratifiedKFold(n_splits=10, random_state=None, shuffle=False), n_jobs=-1
2025-09-19 11:29:43,282:INFO:Calculating mean and std
2025-09-19 11:29:43,285:INFO:Creating metrics dataframe
2025-09-19 11:29:43,290:INFO:Uploading results into container
2025-09-19 11:29:43,293:INFO:Uploading model into container now
2025-09-19 11:29:43,295:INFO:_master_model_container: 13
2025-09-19 11:29:43,295:INFO:_display_container: 2
2025-09-19 11:29:43,297:INFO:XGBClassifier(base_score=None, booster='gbtree', callbacks=None,
              colsample_bylevel=None, colsample_bynode=None,
              colsample_bytree=None, device='cpu', early_stopping_rounds=None,
              enable_categorical=False, eval_metric=None, feature_types=None,
              feature_weights=None, gamma=None, grow_policy=None,
              importance_type=None, interaction_constraints=None,
              learning_rate=None, max_bin=None, max_cat_threshold=None,
              max_cat_to_onehot=None, max_delta_step=None, max_depth=None,
              max_leaves=None, min_child_weight=None, missing=nan,
              monotone_constraints=None, multi_strategy=None, n_estimators=None,
              n_jobs=-1, num_parallel_tree=None, ...)
2025-09-19 11:29:43,298:INFO:create_model() successfully completed......................................
2025-09-19 11:29:43,650:INFO:SubProcess create_model() end ==================================
2025-09-19 11:29:43,650:INFO:Creating metrics dataframe
2025-09-19 11:29:43,664:INFO:Initializing Light Gradient Boosting Machine
2025-09-19 11:29:43,664:INFO:Total runtime is 0.4299823760986329 minutes
2025-09-19 11:29:43,669:INFO:SubProcess create_model() called ==================================
2025-09-19 11:29:43,669:INFO:Initializing create_model()
2025-09-19 11:29:43,670:INFO:create_model(self=<pycaret.classification.oop.ClassificationExperiment object at 0x0000022FDC91C4D0>, estimator=lightgbm, fold=StratifiedKFold(n_splits=10, random_state=None, shuffle=False), round=4, cross_validation=True, predict=True, fit_kwargs={}, groups=None, refit=False, probability_threshold=None, experiment_custom_tags=None, verbose=False, system=False, add_to_model_list=True, metrics=None, display=<pycaret.internal.display.display.CommonDisplay object at 0x0000022FDE1B4C90>, model_only=True, return_train_score=False, error_score=0.0, kwargs={})
2025-09-19 11:29:43,670:INFO:Checking exceptions
2025-09-19 11:29:43,670:INFO:Importing libraries
2025-09-19 11:29:43,670:INFO:Copying training dataset
2025-09-19 11:29:43,684:INFO:Defining folds
2025-09-19 11:29:43,684:INFO:Declaring metric variables
2025-09-19 11:29:43,690:INFO:Importing untrained model
2025-09-19 11:29:43,696:INFO:Light Gradient Boosting Machine Imported successfully
2025-09-19 11:29:43,707:INFO:Starting cross validation
2025-09-19 11:29:43,708:INFO:Cross validating with StratifiedKFold(n_splits=10, random_state=None, shuffle=False), n_jobs=-1
2025-09-19 11:29:45,333:INFO:Calculating mean and std
2025-09-19 11:29:45,335:INFO:Creating metrics dataframe
2025-09-19 11:29:45,339:INFO:Uploading results into container
2025-09-19 11:29:45,340:INFO:Uploading model into container now
2025-09-19 11:29:45,340:INFO:_master_model_container: 14
2025-09-19 11:29:45,340:INFO:_display_container: 2
2025-09-19 11:29:45,342:INFO:LGBMClassifier(boosting_type='gbdt', class_weight=None, colsample_bytree=1.0,
               importance_type='split', learning_rate=0.1, max_depth=-1,
               min_child_samples=20, min_child_weight=0.001, min_split_gain=0.0,
               n_estimators=100, n_jobs=-1, num_leaves=31, objective=None,
               random_state=3078, reg_alpha=0.0, reg_lambda=0.0, subsample=1.0,
               subsample_for_bin=200000, subsample_freq=0)
2025-09-19 11:29:45,342:INFO:create_model() successfully completed......................................
2025-09-19 11:29:45,658:INFO:SubProcess create_model() end ==================================
2025-09-19 11:29:45,658:INFO:Creating metrics dataframe
2025-09-19 11:29:45,675:INFO:Initializing Dummy Classifier
2025-09-19 11:29:45,675:INFO:Total runtime is 0.46349872350692756 minutes
2025-09-19 11:29:45,681:INFO:SubProcess create_model() called ==================================
2025-09-19 11:29:45,682:INFO:Initializing create_model()
2025-09-19 11:29:45,682:INFO:create_model(self=<pycaret.classification.oop.ClassificationExperiment object at 0x0000022FDC91C4D0>, estimator=dummy, fold=StratifiedKFold(n_splits=10, random_state=None, shuffle=False), round=4, cross_validation=True, predict=True, fit_kwargs={}, groups=None, refit=False, probability_threshold=None, experiment_custom_tags=None, verbose=False, system=False, add_to_model_list=True, metrics=None, display=<pycaret.internal.display.display.CommonDisplay object at 0x0000022FDE1B4C90>, model_only=True, return_train_score=False, error_score=0.0, kwargs={})
2025-09-19 11:29:45,682:INFO:Checking exceptions
2025-09-19 11:29:45,682:INFO:Importing libraries
2025-09-19 11:29:45,682:INFO:Copying training dataset
2025-09-19 11:29:45,698:INFO:Defining folds
2025-09-19 11:29:45,699:INFO:Declaring metric variables
2025-09-19 11:29:45,705:INFO:Importing untrained model
2025-09-19 11:29:45,709:INFO:Dummy Classifier Imported successfully
2025-09-19 11:29:45,722:INFO:Starting cross validation
2025-09-19 11:29:45,723:INFO:Cross validating with StratifiedKFold(n_splits=10, random_state=None, shuffle=False), n_jobs=-1
2025-09-19 11:29:45,808:WARNING:C:\Users\sajad\pycaret\Lib\site-packages\sklearn\metrics\_classification.py:1509: UndefinedMetricWarning: Precision is ill-defined and being set to 0.0 due to no predicted samples. Use `zero_division` parameter to control this behavior.
  _warn_prf(average, modifier, f"{metric.capitalize()} is", len(result))

2025-09-19 11:29:45,811:WARNING:C:\Users\sajad\pycaret\Lib\site-packages\sklearn\metrics\_classification.py:1509: UndefinedMetricWarning: Precision is ill-defined and being set to 0.0 due to no predicted samples. Use `zero_division` parameter to control this behavior.
  _warn_prf(average, modifier, f"{metric.capitalize()} is", len(result))

2025-09-19 11:29:45,813:WARNING:C:\Users\sajad\pycaret\Lib\site-packages\sklearn\metrics\_classification.py:1509: UndefinedMetricWarning: Precision is ill-defined and being set to 0.0 due to no predicted samples. Use `zero_division` parameter to control this behavior.
  _warn_prf(average, modifier, f"{metric.capitalize()} is", len(result))

2025-09-19 11:29:45,817:WARNING:C:\Users\sajad\pycaret\Lib\site-packages\sklearn\metrics\_classification.py:1509: UndefinedMetricWarning: Precision is ill-defined and being set to 0.0 due to no predicted samples. Use `zero_division` parameter to control this behavior.
  _warn_prf(average, modifier, f"{metric.capitalize()} is", len(result))

2025-09-19 11:29:45,823:WARNING:C:\Users\sajad\pycaret\Lib\site-packages\sklearn\metrics\_classification.py:1509: UndefinedMetricWarning: Precision is ill-defined and being set to 0.0 due to no predicted samples. Use `zero_division` parameter to control this behavior.
  _warn_prf(average, modifier, f"{metric.capitalize()} is", len(result))

2025-09-19 11:29:45,825:WARNING:C:\Users\sajad\pycaret\Lib\site-packages\sklearn\metrics\_classification.py:1509: UndefinedMetricWarning: Precision is ill-defined and being set to 0.0 due to no predicted samples. Use `zero_division` parameter to control this behavior.
  _warn_prf(average, modifier, f"{metric.capitalize()} is", len(result))

2025-09-19 11:29:45,831:WARNING:C:\Users\sajad\pycaret\Lib\site-packages\sklearn\metrics\_classification.py:1509: UndefinedMetricWarning: Precision is ill-defined and being set to 0.0 due to no predicted samples. Use `zero_division` parameter to control this behavior.
  _warn_prf(average, modifier, f"{metric.capitalize()} is", len(result))

2025-09-19 11:29:45,839:WARNING:C:\Users\sajad\pycaret\Lib\site-packages\sklearn\metrics\_classification.py:1509: UndefinedMetricWarning: Precision is ill-defined and being set to 0.0 due to no predicted samples. Use `zero_division` parameter to control this behavior.
  _warn_prf(average, modifier, f"{metric.capitalize()} is", len(result))

2025-09-19 11:29:45,892:WARNING:C:\Users\sajad\pycaret\Lib\site-packages\sklearn\metrics\_classification.py:1509: UndefinedMetricWarning: Precision is ill-defined and being set to 0.0 due to no predicted samples. Use `zero_division` parameter to control this behavior.
  _warn_prf(average, modifier, f"{metric.capitalize()} is", len(result))

2025-09-19 11:29:45,892:WARNING:C:\Users\sajad\pycaret\Lib\site-packages\sklearn\metrics\_classification.py:1509: UndefinedMetricWarning: Precision is ill-defined and being set to 0.0 due to no predicted samples. Use `zero_division` parameter to control this behavior.
  _warn_prf(average, modifier, f"{metric.capitalize()} is", len(result))

2025-09-19 11:29:45,911:INFO:Calculating mean and std
2025-09-19 11:29:45,912:INFO:Creating metrics dataframe
2025-09-19 11:29:45,916:INFO:Uploading results into container
2025-09-19 11:29:45,917:INFO:Uploading model into container now
2025-09-19 11:29:45,917:INFO:_master_model_container: 15
2025-09-19 11:29:45,918:INFO:_display_container: 2
2025-09-19 11:29:45,918:INFO:DummyClassifier(constant=None, random_state=3078, strategy='prior')
2025-09-19 11:29:45,918:INFO:create_model() successfully completed......................................
2025-09-19 11:29:46,230:INFO:SubProcess create_model() end ==================================
2025-09-19 11:29:46,230:INFO:Creating metrics dataframe
2025-09-19 11:29:46,269:INFO:Initializing create_model()
2025-09-19 11:29:46,269:INFO:create_model(self=<pycaret.classification.oop.ClassificationExperiment object at 0x0000022FDC91C4D0>, estimator=GradientBoostingClassifier(ccp_alpha=0.0, criterion='friedman_mse', init=None,
                           learning_rate=0.1, loss='log_loss', max_depth=3,
                           max_features=None, max_leaf_nodes=None,
                           min_impurity_decrease=0.0, min_samples_leaf=1,
                           min_samples_split=2, min_weight_fraction_leaf=0.0,
                           n_estimators=100, n_iter_no_change=None,
                           random_state=3078, subsample=1.0, tol=0.0001,
                           validation_fraction=0.1, verbose=0,
                           warm_start=False), fold=StratifiedKFold(n_splits=10, random_state=None, shuffle=False), round=4, cross_validation=False, predict=False, fit_kwargs={}, groups=None, refit=True, probability_threshold=None, experiment_custom_tags=None, verbose=False, system=False, add_to_model_list=True, metrics=None, display=None, model_only=True, return_train_score=False, error_score=0.0, kwargs={})
2025-09-19 11:29:46,269:INFO:Checking exceptions
2025-09-19 11:29:46,271:INFO:Importing libraries
2025-09-19 11:29:46,272:INFO:Copying training dataset
2025-09-19 11:29:46,288:INFO:Defining folds
2025-09-19 11:29:46,288:INFO:Declaring metric variables
2025-09-19 11:29:46,288:INFO:Importing untrained model
2025-09-19 11:29:46,288:INFO:Declaring custom model
2025-09-19 11:29:46,290:INFO:Gradient Boosting Classifier Imported successfully
2025-09-19 11:29:46,293:INFO:Cross validation set to False
2025-09-19 11:29:46,293:INFO:Fitting Model
2025-09-19 11:29:47,993:INFO:GradientBoostingClassifier(ccp_alpha=0.0, criterion='friedman_mse', init=None,
                           learning_rate=0.1, loss='log_loss', max_depth=3,
                           max_features=None, max_leaf_nodes=None,
                           min_impurity_decrease=0.0, min_samples_leaf=1,
                           min_samples_split=2, min_weight_fraction_leaf=0.0,
                           n_estimators=100, n_iter_no_change=None,
                           random_state=3078, subsample=1.0, tol=0.0001,
                           validation_fraction=0.1, verbose=0,
                           warm_start=False)
2025-09-19 11:29:47,993:INFO:create_model() successfully completed......................................
2025-09-19 11:29:48,334:INFO:_master_model_container: 15
2025-09-19 11:29:48,334:INFO:_display_container: 2
2025-09-19 11:29:48,335:INFO:GradientBoostingClassifier(ccp_alpha=0.0, criterion='friedman_mse', init=None,
                           learning_rate=0.1, loss='log_loss', max_depth=3,
                           max_features=None, max_leaf_nodes=None,
                           min_impurity_decrease=0.0, min_samples_leaf=1,
                           min_samples_split=2, min_weight_fraction_leaf=0.0,
                           n_estimators=100, n_iter_no_change=None,
                           random_state=3078, subsample=1.0, tol=0.0001,
                           validation_fraction=0.1, verbose=0,
                           warm_start=False)
2025-09-19 11:29:48,335:INFO:compare_models() successfully completed......................................
2025-09-19 11:30:17,809:INFO:Initializing save_model()
2025-09-19 11:30:17,810:INFO:save_model(model=RandomForestClassifier(bootstrap=True, ccp_alpha=0.0, class_weight=None,
                       criterion='entropy', max_depth=None, max_features='sqrt',
                       max_leaf_nodes=None, max_samples=None,
                       min_impurity_decrease=0.0, min_samples_leaf=1,
                       min_samples_split=2, min_weight_fraction_leaf=0.0,
                       monotonic_cst=None, n_estimators=100, n_jobs=None,
                       oob_score=False, random_state=None, verbose=0,
                       warm_start=False), model_name=my_best_model, prep_pipe_=Pipeline(memory=FastMemory(location=C:\Users\sajad\AppData\Local\Temp\joblib),
         steps=[('numerical_imputer',
                 TransformerWrapper(exclude=None,
                                    include=['RowNumber', 'CustomerId',
                                             'CreditScore', 'Gender', 'Age',
                                             'Tenure', 'Balance',
                                             'NumOfProducts', 'HasCrCard',
                                             'IsActiveMember',
                                             'EstimatedSalary',
                                             'Geography_France',
                                             'Geography_Germany',
                                             'Geography_Spain'],
                                    transformer=SimpleImputer(add_indicator=False,
                                                              copy=True,
                                                              fill_value=None,
                                                              keep_empty_features=False,
                                                              missing_values=nan,
                                                              strategy='mean'))),
                ('categorical_imputer',
                 TransformerWrapper(exclude=None, include=[],
                                    transformer=SimpleImputer(add_indicator=False,
                                                              copy=True,
                                                              fill_value=None,
                                                              keep_empty_features=False,
                                                              missing_values=nan,
                                                              strategy='most_frequent')))],
         verbose=False), verbose=True, use_case=MLUsecase.CLASSIFICATION, kwargs={})
2025-09-19 11:30:17,810:INFO:Adding model into prep_pipe
2025-09-19 11:30:17,930:INFO:my_best_model.pkl saved in current working directory
2025-09-19 11:30:17,937:INFO:Pipeline(memory=Memory(location=None),
         steps=[('numerical_imputer',
                 TransformerWrapper(exclude=None,
                                    include=['RowNumber', 'CustomerId',
                                             'CreditScore', 'Gender', 'Age',
                                             'Tenure', 'Balance',
                                             'NumOfProducts', 'HasCrCard',
                                             'IsActiveMember',
                                             'EstimatedSalary',
                                             'Geography_France',
                                             'Geography_Germany',
                                             'Geography_Spain'],
                                    transformer=SimpleImputer(add_indicator=False,
                                                              cop...
                 RandomForestClassifier(bootstrap=True, ccp_alpha=0.0,
                                        class_weight=None, criterion='entropy',
                                        max_depth=None, max_features='sqrt',
                                        max_leaf_nodes=None, max_samples=None,
                                        min_impurity_decrease=0.0,
                                        min_samples_leaf=1, min_samples_split=2,
                                        min_weight_fraction_leaf=0.0,
                                        monotonic_cst=None, n_estimators=100,
                                        n_jobs=None, oob_score=False,
                                        random_state=None, verbose=0,
                                        warm_start=False))],
         verbose=False)
2025-09-19 11:30:17,938:INFO:save_model() successfully completed......................................
